
> papersight_ai@0.1.0 build
> next build

Γû▓ Next.js 16.1.6 (Turbopack)
- Environments: .env.local, .env
- Experiments (use with caution):
  ┬╖ optimizePackageImports

  Creating an optimized production build ...
node.exe : 
At line:1 char:1
+ & "C:\Program 
Files\nodejs/node.exe" 
"C:\Users\FAZLUL\AppData\Roaming 
...
+ ~~~~~~~~~~~~~~~~~~~~~~~~~~~~~~~~~
~~~~~~~~~~~~~~~~~~~~~~~~~~~~~~~~~~~
~
    + CategoryInfo          : NotS 
   pecified: (:String) [], Remote  
  Exception
    + FullyQualifiedErrorId : Nati 
   veCommandError
 
> Build error occurred
Error: Turbopack build failed with 
1 errors:
./lib/guest-session.ts:1:1
Ecmascript file had an error
[0m[31m[1m>[22m[39m[90m 1 
|[39m [36mimport[39m { cookies 
} [36mfrom[39m 
[32m"next/headers"[39m[33m;[39m
 [90m   |[39m [31m[1m^[22m[39
m[31m[1m^[22m[39m[31m[1m^[22
m[39m[31m[1m^[22m[39m[31m[1m
^[22m[39m[31m[1m^[22m[39m[31
m[1m^[22m[39m[31m[1m^[22m[39
m[31m[1m^[22m[39m[31m[1m^[22
m[39m[31m[1m^[22m[39m[31m[1m
^[22m[39m[31m[1m^[22m[39m[31
m[1m^[22m[39m[31m[1m^[22m[39
m[31m[1m^[22m[39m[31m[1m^[22
m[39m[31m[1m^[22m[39m[31m[1m
^[22m[39m[31m[1m^[22m[39m[31
m[1m^[22m[39m[31m[1m^[22m[39
m[31m[1m^[22m[39m[31m[1m^[22
m[39m[31m[1m^[22m[39m[31m[1m
^[22m[39m[31m[1m^[22m[39m[31
m[1m^[22m[39m[31m[1m^[22m[39
m[31m[1m^[22m[39m[31m[1m^[22
m[39m[31m[1m^[22m[39m[31m[1m
^[22m[39m[31m[1m^[22m[39m[31
m[1m^[22m[39m[31m[1m^[22m[39
m[31m[1m^[22m[39m[31m[1m^[22
m[39m[31m[1m^[22m[39m
 [90m 2 |[39m [36mimport[39m { 
v4 [36mas[39m uuidv4 } 
[36mfrom[39m 
[32m"uuid"[39m[33m;[39m
 [90m 3 |[39m
 [90m 4 |[39m [90m// ΓöÇΓöÇ 
Constants ΓöÇΓöÇΓöÇΓöÇΓöÇΓöÇΓöÇΓöÇΓ
öÇΓöÇΓöÇΓöÇΓöÇΓöÇΓöÇΓöÇΓöÇΓöÇΓöÇΓöÇ
ΓöÇΓöÇΓöÇΓöÇΓöÇΓöÇΓöÇΓöÇΓöÇΓöÇΓöÇΓö
ÇΓöÇΓöÇΓöÇΓöÇΓöÇΓöÇΓöÇΓöÇΓöÇΓöÇΓöÇΓ
öÇΓöÇΓöÇΓöÇΓöÇΓöÇΓöÇΓöÇΓöÇΓöÇΓöÇ[3
9m[0m

You're importing a component that 
needs "next/headers". That only 
works in a Server Component which 
is not supported in the pages/ 
directory. Read more: https://nextj
s.org/docs/app/building-your-applic
ation/rendering/server-components



Import traces:
  App Route:
    ./lib/guest-session.ts
    ./app/api/summarize/route.ts

  Edge App Route:
    ./lib/guest-session.ts
    ./app/api/save-summary/route.ts

  Server Component:
    ./lib/guest-session.ts
    ./actions/summary.ts

  Client Component Browser:
    ./lib/guest-session.ts [Client 
Component Browser]
    ./components/summary/summary-li
st.tsx [Client Component Browser]
    ./app/dashboard/dashboard-conte
nt.tsx [Client Component Browser]
    ./app/dashboard/dashboard-conte
nt.tsx [Server Component]
    ./app/dashboard/page.tsx 
[Server Component]

  Client Component SSR:
    ./lib/guest-session.ts [Client 
Component SSR]
    ./components/summary/summary-li
st.tsx [Client Component SSR]
    ./app/dashboard/dashboard-conte
nt.tsx [Client Component SSR]
    ./app/dashboard/dashboard-conte
nt.tsx [Server Component]
    ./app/dashboard/page.tsx 
[Server Component]


    at <unknown> 
(./lib/guest-session.ts:1:1)
