app/summary/[id]/summary-content.tsx(82,16): error TS2304: Cannot find name 'calculateReadingTime'.
